Microchip MPLAB XC8 Compiler V1.42 ()

Linker command line:

-W-3 --edf=/opt/microchip/xc8/v1.42/dat/en_msgs.txt -cs \
  -h+dist/default/production/TestLedLollipopBasic.X.production.sym \
  --cmf=dist/default/production/TestLedLollipopBasic.X.production.cmf -z \
  -Q18LF25K22 -o/tmp/xcXjo6odK \
  -Mdist/default/production/TestLedLollipopBasic.X.production.map -E1 \
  -ver=XC8 --acfsm=1493 -ASTACK=0193h-05ffh -pstack=STACK -ACODE=00h-07FFFh \
  -ACONST=00h-07FFFh -ASMALLCONST=0600h-06FFhx122 \
  -AMEDIUMCONST=0600h-07FFFh -ACOMRAM=01h-05Fh -AABS1=00h-05FFh \
  -ABIGRAM=01h-05FFh -ARAM=060h-0FFh,0100h-01FFhx5 -ABANK0=060h-0FFh \
  -ABANK1=0100h-01FFh -ABANK2=0200h-02FFh -ABANK3=0300h-03FFh \
  -ABANK4=0400h-04FFh -ABANK5=0500h-05FFh -ASFR=0F38h-0F5Fh,0F60h-0FFFh \
  -preset_vec=00h,intcode=08h,intcodelo,powerup,init -pramtop=0600h \
  -psmallconst=SMALLCONST -pmediumconst=MEDIUMCONST -pconst=CONST \
  -AFARRAM=00h-00h -ACONFIG=0300000h-030000Dh -pconfig=CONFIG \
  -AIDLOC=0200000h-0200007h -pidloc=IDLOC -AEEDATA=0F00000h-0F000FFh \
  -peeprom_data=EEDATA \
  -prdata=COMRAM,nvrram=COMRAM,nvbit=COMRAM,rbss=COMRAM,rbit=COMRAM \
  -pfarbss=FARRAM,fardata=FARRAM,nvFARRAM=FARRAM \
  -pintsave_regs=BIGRAM,bigbss=BIGRAM,bigdata=BIGRAM -pbss=RAM \
  -pidata=CODE,irdata=CODE,ibigdata=CODE,ifardata=CODE -pparam0=BANK0 \
  /tmp/xcX6uUGju.obj \
  dist/default/production/TestLedLollipopBasic.X.production.obj 

Object code version is 3.11

Machine type is 18LF25K22

Call graph: (short form)




                Name                               Link     Load   Length Selector   Space Scale
/tmp/xcX6uUGju.obj
                init                                 62       62        4        4       0
                reset_vec                             0        0        4        0       0
                idloc                            200000   200000        8   200000       0
                config                           300000   300000        E   300000       0
dist/default/production/TestLedLollipopBasic.X.production.obj
                intcode                               8        8       5A        4       0
                temp                                  1        1        1        1       1
                smallconst                          600      600       58      300       0
                text52                             155E     155E        2      32C       0
                text51                             10A0     10A0       4A      32C       0
                text50                             14C0     14C0       14      32C       0
                text49                             13AC     13AC       2A      32C       0
                text48                             14E6     14E6       10      32C       0
                text47                             14D4     14D4       12      32C       0
                text46                              EC4      EC4       7A      32C       0
                text45                             1296     1296       34      32C       0
                text44                             13D6     13D6       26      32C       0
                text42                              C00      C00       9C      32C       0
                text41                             1228     1228       3A      32C       0
                text40                              DC8      DC8       80      32C       0
                text39                              924      924      12A      32C       0
                text38                             154C     154C        6      32C       0
                text37                             1512     1512        E      32C       0
                text36                             1380     1380       2C      32C       0
                text35                              D36      D36       92      32C       0
                text34                              658      658      198      32C       0
                text33                             1056     1056       4A      32C       0
                text32                             11EE     11EE       3A      32C       0
                text31                              A4E      A4E       E4      32C       0
                text30                             1504     1504        E      32C       0
                text29                             153E     153E        8      32C       0
                text28                             1354     1354       2C      32C       0
                text27                             1008     1008       4E      32C       0
                text26                             12FA     12FA       2E      32C       0
                text25                             12CA     12CA       30      32C       0
                text24                              FA8      FA8       60      32C       0
                text23                              E48      E48       7C      32C       0
                text22                             1444     1444       20      32C       0
                text21                             1496     1496       16      32C       0
                text20                             1464     1464       1C      32C       0
                text19                             1420     1420       24      32C       0
                text18                             1480     1480       16      32C       0
                text17                             1536     1536        8      32C       0
                text16                              C9C      C9C       9A      32C       0
                text15                              7F0      7F0      134      32C       0
                text14                             1262     1262       34      32C       0
                text13                             1520     1520        C      32C       0
                text12                             10EA     10EA       48      32C       0
                text11                             1174     1174       40      32C       0
                text10                              B32      B32       CE      32C       0
                text9                              1546     1546        6      32C       0
                text8                              155A     155A        4      32C       0
                text7                              14F6     14F6        E      32C       0
                text6                              13FC     13FC       24      32C       0
                text5                              1556     1556        4      32C       0
                text4                              1328     1328       2C      32C       0
                text3                              14AC     14AC       14      32C       0
                text2                              152C     152C        A      32C       0
                text1                              11B4     11B4       3A      32C       0
                text0                               F3E      F3E       6A      32C       0
                cstackBANK0                          C4       C4       27       60       1
                bssBANK1                            100      100       93      100       1
                dataBANK0                            F0       F0        4       60       1
                bssBANK0                             60       60       64       60       1
                cinit                              1132     1132       42      32C       0
                nvBANK0                              EB       EB        5       60       1
                idataBANK0                         1552     1552        4      32C       0

TOTAL           Name                               Link     Load   Length     Space
        CLASS   STACK          

        CLASS   CODE           
                intcode                               8        8       5A         0
                init                                 62       62        4         0
                reset_vec                             0        0        4         0
                text52                             155E     155E        2         0
                text51                             10A0     10A0       4A         0
                text50                             14C0     14C0       14         0
                text49                             13AC     13AC       2A         0
                text48                             14E6     14E6       10         0
                text47                             14D4     14D4       12         0
                text46                              EC4      EC4       7A         0
                text45                             1296     1296       34         0
                text44                             13D6     13D6       26         0
                text42                              C00      C00       9C         0
                text41                             1228     1228       3A         0
                text40                              DC8      DC8       80         0
                text39                              924      924      12A         0
                text38                             154C     154C        6         0
                text37                             1512     1512        E         0
                text36                             1380     1380       2C         0
                text35                              D36      D36       92         0
                text34                              658      658      198         0
                text33                             1056     1056       4A         0
                text32                             11EE     11EE       3A         0
                text31                              A4E      A4E       E4         0
                text30                             1504     1504        E         0
                text29                             153E     153E        8         0
                text28                             1354     1354       2C         0
                text27                             1008     1008       4E         0
                text26                             12FA     12FA       2E         0
                text25                             12CA     12CA       30         0
                text24                              FA8      FA8       60         0
                text23                              E48      E48       7C         0
                text22                             1444     1444       20         0
                text21                             1496     1496       16         0
                text20                             1464     1464       1C         0
                text19                             1420     1420       24         0
                text18                             1480     1480       16         0
                text17                             1536     1536        8         0
                text16                              C9C      C9C       9A         0
                text15                              7F0      7F0      134         0
                text14                             1262     1262       34         0
                text13                             1520     1520        C         0
                text12                             10EA     10EA       48         0
                text11                             1174     1174       40         0
                text10                              B32      B32       CE         0
                text9                              1546     1546        6         0
                text8                              155A     155A        4         0
                text7                              14F6     14F6        E         0
                text6                              13FC     13FC       24         0
                text5                              1556     1556        4         0
                text4                              1328     1328       2C         0
                text3                              14AC     14AC       14         0
                text2                              152C     152C        A         0
                text1                              11B4     11B4       3A         0
                text0                               F3E      F3E       6A         0
                cinit                              1132     1132       42         0
                idataBANK0                         1552     1552        4         0

        CLASS   CONST          

        CLASS   SMALLCONST     
                smallconst                          600      600       58         0

        CLASS   MEDIUMCONST    

        CLASS   COMRAM         
                temp                                  1        1        1         1

        CLASS   ABS1           

        CLASS   BIGRAM         

        CLASS   RAM            

        CLASS   BANK0          
                cstackBANK0                          C4       C4       27         1
                dataBANK0                            F0       F0        4         1
                bssBANK0                             60       60       64         1
                nvBANK0                              EB       EB        5         1

        CLASS   BANK1          
                bssBANK1                            100      100       93         1

        CLASS   BANK2          

        CLASS   BANK3          

        CLASS   BANK4          

        CLASS   BANK5          

        CLASS   SFR            

        CLASS   FARRAM         

        CLASS   CONFIG         
                config                           300000   300000        E         0

        CLASS   IDLOC          
                idloc                            200000   200000        8         0

        CLASS   EEDATA         



SEGMENTS        Name                           Load    Length   Top    Selector   Space  Class

                reset_vec                      000000  000004  000004         0       0  CODE    
                temp                           000001  000001  000002         1       1  COMRAM  
                intcode                        000008  00005E  000066         4       0  CODE    
                bssBANK0                       000060  000094  0000F4        60       1  BANK0   
                bssBANK1                       000100  000093  000193       100       1  BANK1   
                smallconst                     000600  000058  000658       300       0  SMALLCON
                text34                         000658  000F08  001560       32C       0  CODE    
                idloc                          200000  000008  200008    200000       0  IDLOC   
                config                         300000  00000E  30000E    300000       0  CONFIG  


UNUSED ADDRESS RANGES

        Name                Unused          Largest block    Delta
        BANK0            0000F4-0000FF                C
        BANK1            000193-0001FF               6D
        BANK2            000200-0002FF              100
        BANK3            000300-0003FF              100
        BANK4            000400-0004FF              100
        BANK5            000500-0005FF              100
        BIGRAM           000002-00005F               5E
                         0000F4-0000FF                C
                         000193-0005FF              46D
        CODE             000004-000007                4
                         000066-0005FF              59A
                         001560-007FFF             6AA0
        COMRAM           000002-00005F               5E
        CONST            000004-000007                4
                         000066-0005FF              59A
                         001560-007FFF             6AA0
        EEDATA           F00000-F000FF              100
        MEDIUMCONST      001560-007FFF             6AA0
        RAM              0000F4-0000FF                C
                         000193-0005FF              100
        SFR              000F38-000FFF               28
        SMALLCONST       001560-007FFF              100
        STACK            000193-0005FF              46D

                                  Symbol Table

?___almod                                      cstackBANK0  0000C9
?_strcat                                       cstackBANK0  0000C9
?_strchr                                       cstackBANK0  0000C9
?_strcpy                                       cstackBANK0  0000C9
?_strlen                                       cstackBANK0  0000C9
?_strncmp                                      cstackBANK0  0000CD
?_strstr                                       cstackBANK0  0000D4
EUSART2_Receive_ISR@auxVar                     cstackBANK0  0000C4
PL10                                           text40       000E2E
PL12                                           text34       0007CC
PL14                                           text35       000DB8
PL16                                           text10       000BEA
PL18                                           text51       0010DC
PL2                                            text40       000E0E
PL20                                           text39       000A40
PL22                                           text49       0013C8
PL24                                           text34       0007DC
PL26                                           text34       0007E6
PL28                                           text15       000914
PL30                                           text46       000F2A
PL32                                           text31       000B28
PL34                                           text46       000F34
PL36                                           text10       000BFA
PL38                                           text11       0011A8
PL4                                            text39       000A32
PL40                                           text15       00091E
PL42                                           text11       0011AE
PL45                                           text24       000FF0
PL47                                           text42       000C8A
PL49                                           text26       00131E
PL6                                            text31       000B16
PL8                                            text41       001248
ProtocolAddFrameData@Data                      cstackBANK0  0000C9
ProtocolAddFrameData@DataRepSize               cstackBANK0  0000CD
ProtocolAddFrameData@bytes                     cstackBANK0  0000DD
ProtocolAddFrameData@i                         cstackBANK0  0000DC
ProtocolAddFrameData@longMask                  cstackBANK0  0000D8
ProtocolAddFrameData@toLeft                    cstackBANK0  0000D7
ProtocolGetValidity@taskResponse               cstackBANK0  0000CB
ProtocolGetValidity@variableID                 cstackBANK0  0000CA
ProtocolTaskBuildFrame@EVENT                   cstackBANK0  0000E0
ProtocolTaskBuildFrame@dataField               cstackBANK0  0000E1
ProtocolTaskBuildFrame@dataSize                cstackBANK0  0000E7
ProtocolTaskBuildFrame@protFrameDescPtr        cstackBANK0  0000E8
ProtocolTaskBuildFrame@totalBits               cstackBANK0  0000E5
ProtocolTaskExecute@taskPointer                cstackBANK0  0000E0
ProtocolTaskExecute@taskResult                 cstackBANK0  0000E6
ProtocolTaskExecute@taskTimeOut                cstackBANK0  0000E2
ProtocolTaskExecute@timeOut                    cstackBANK0  0000E4
ProtocolTaskTick@_500msToSecond                bssBANK0     000081
SigfoxCommManager@SigfoxCommand                cstackBANK0  0000D8
SigfoxCommandSelector@F6860                    smallconst   000608
SigfoxCommandSelector@F6862                    smallconst   000601
SigfoxCommandSelector@SFX_COMMAND_TAIL_ACK_STR cstackBANK0  0000CF
SigfoxCommandSelector@SFX_COMMAND_TAIL_STR     cstackBANK0  0000D3
SigfoxCommandSelector@SigfoxCommand            cstackBANK0  0000D7
SigfoxCommandSelector@SigfoxRomCommandStrPtr   cstackBANK0  0000D5
SigfoxResponseParser@dumyPtr                   cstackBANK0  0000D8
SigfoxTask@F6885                               smallconst   000605
SigfoxTask@SigfoxInitCommandPtr                cstackBANK0  0000DE
SigfoxTask@sigfoxInitCommandsROMList           cstackBANK0  0000DB
SigfoxTaskLoadPayloadBuffer@buffer             cstackBANK0  0000D2
SigfoxTaskLoadPayloadBuffer@payloadBufferPtr   cstackBANK0  0000D1
SigfoxTaskLoadPayloadBuffer@rawData            cstackBANK0  0000C9
SigfoxTaskNewTask@command                      cstackBANK0  0000C9
TMR0_SetInterruptHandler@InterruptHandler      cstackBANK0  0000C9
_ADC_Initialize                                text9        001546
_ANSELA                                        (abs)        000F38
_ANSELB                                        (abs)        000F39
_ANSELC                                        (abs)        000F3A
_BAUDCON2                                      (abs)        000F70
_EUSART2_GPRS_Transmit_ISR                     text52       00155E
_EUSART2_Initialize                            text20       001464
_EUSART2_Receive_ISR                           text51       0010A0
_EUSART2_Transmit_ISR                          text49       0013AC
_INTCON2bits                                   (abs)        000FF1
_INTCONbits                                    (abs)        000FF2
_INTERRUPT_Initialize                          text8        00155A
_INTERRUPT_InterruptManager                    intcode      000008
_LATA                                          (abs)        000F89
_LATAbits                                      (abs)        000F89
_LATB                                          (abs)        000F8A
_LATBbits                                      (abs)        000F8A
_LATC                                          (abs)        000F8B
_LATCbits                                      (abs)        000F8B
_OSCCON                                        (abs)        000FD3
_OSCCON2                                       (abs)        000FD2
_OSCILLATOR_Initialize                         text7        0014F6
_OSCTUNE                                       (abs)        000F9B
_PIE3bits                                      (abs)        000FA3
_PIN_MANAGER_Initialize                        text6        0013FC
_PIR3bits                                      (abs)        000FA4
_PMD0bits                                      (abs)        000F3F
_PMD2bits                                      (abs)        000F3D
_PORTAbits                                     (abs)        000F80
_PROT_STATE                                    bssBANK0     000082
_PWR_STATE                                     nvBANK0      0000EF
_ProtocolAddFrameData                          text39       000924
_ProtocolGetValidity                           text36       001380
_ProtocolSetNextCommTime                       text41       001228
_ProtocolSetNextMeasTime                       text40       000DC8
_ProtocolTask                                  text10       000B32
_ProtocolTaskBuildFrame                        text34       000658
_ProtocolTaskExecute                           text14       001262
_ProtocolTaskPowerDown                         text13       001520
_ProtocolTaskTick                              text46       000EC4
_RCONbits                                      (abs)        000FD0
_RCREG2                                        (abs)        000F74
_RCSTA2                                        (abs)        000F71
_RCSTA2bits                                    (abs)        000F71
_SFX_STATE                                     dataBANK0    0000F2
_SIT_FRAME_POWERUP_SF_DESC                     smallconst   00064E
_SIT_FRAME_TRACKER_SF_ID_DESC                  smallconst   000646
_SPBRG2                                        (abs)        000F75
_SPBRGH2                                       (abs)        000F76
_SYSTEM_Initialize                             text3        0014AC
_SigfoxCommManager                             text27       001008
_SigfoxCommManagerState                        bssBANK0     000091
_SigfoxCommandSelector                         text31       000A4E
_SigfoxCommandsDefinitions                     smallconst   00060A
_SigfoxMsgReceivedFlag                         bssBANK0     000090
_SigfoxPayloadBuffer                           bssBANK1     000164
_SigfoxRXBuffer                                bssBANK1     00017D
_SigfoxRXBufferPtr                             bssBANK0     000088
_SigfoxReceive                                 text50       0014C0
_SigfoxResponseParser                          text22       001444
_SigfoxScheduledInitTaskFlag                   bssBANK0     00008C
_SigfoxScheduledMsgAckTaskFlag                 bssBANK0     00008E
_SigfoxScheduledMsgStaTaskFlag                 bssBANK0     00008B
_SigfoxScheduledMsgTaskFlag                    bssBANK0     00008F
_SigfoxScheduledPwrDownTaskFlag                bssBANK0     00008D
_SigfoxTXBuffer                                bssBANK0     000095
_SigfoxTXBufferPtr                             bssBANK0     000089
_SigfoxTXReady                                 text30       001504
_SigfoxTask                                    text15       0007F0
_SigfoxTaskLoadPayloadBuffer                   text35       000D36
_SigfoxTaskLoadPayloadBuffer$805               cstackBANK0  0000CD
_SigfoxTaskLoadPayloadBuffer$806               cstackBANK0  0000CF
_SigfoxTaskNewTask                             text12       0010EA
_SigfoxTaskPowerDown                           text21       001496
_SigfoxTaskReset                               text19       001420
_SigfoxTaskTick                                text48       0014E6
_SigfoxTimeOutTimer                            bssBANK0     000087
_SigfoxTransactionAttemps                      bssBANK0     00008A
_SigfoxTransactionResult                       dataBANK0    0000F1
_SigfoxTransmit                                text29       00153E
_SigfoxTxDelay                                 bssBANK0     000086
_SigfoxVerifyTransactionStatus                 text28       001354
_T0CON                                         (abs)        000FD5
_T0CONbits                                     (abs)        000FD5
_TMR0H                                         (abs)        000FD7
_TMR0L                                         (abs)        000FD6
_TMR0_ISR                                      text44       0013D6
_TMR0_Initialize                               text4        001328
_TMR0_InterruptHandler                         nvBANK0      0000ED
_TMR0_SetInterruptHandler                      text2        00152C
_TMR0_StartTimer                               text5        001556
_TRISA                                         (abs)        000F92
_TRISB                                         (abs)        000F93
_TRISBbits                                     (abs)        000F93
_TRISC                                         (abs)        000F94
_TXREG2                                        (abs)        000F73
_TXSTA2                                        (abs)        000F72
_WPUB                                          (abs)        000F61
__CFG_BOREN$SBORDIS                            (abs)        000000
__CFG_BORV$190                                 (abs)        000000
__CFG_CCP2MX$PORTC1                            (abs)        000000
__CFG_CCP3MX$PORTB5                            (abs)        000000
__CFG_CP0$OFF                                  (abs)        000000
__CFG_CP1$OFF                                  (abs)        000000
__CFG_CPB$OFF                                  (abs)        000000
__CFG_CPD$OFF                                  (abs)        000000
__CFG_DEBUG$OFF                                (abs)        000000
__CFG_EBTR0$OFF                                (abs)        000000
__CFG_EBTR1$OFF                                (abs)        000000
__CFG_EBTRB$OFF                                (abs)        000000
__CFG_FCMEN$OFF                                (abs)        000000
__CFG_FOSC$INTIO67                             (abs)        000000
__CFG_HFOFST$ON                                (abs)        000000
__CFG_IESO$OFF                                 (abs)        000000
__CFG_LVP$OFF                                  (abs)        000000
__CFG_MCLRE$EXTMCLR                            (abs)        000000
__CFG_P2BMX$PORTB5                             (abs)        000000
__CFG_PBADEN$ON                                (abs)        000000
__CFG_PLLCFG$OFF                               (abs)        000000
__CFG_PRICLKEN$ON                              (abs)        000000
__CFG_PWRTEN$ON                                (abs)        000000
__CFG_STVREN$ON                                (abs)        000000
__CFG_T3CMX$PORTC0                             (abs)        000000
__CFG_WDTEN$OFF                                (abs)        000000
__CFG_WDTPS$8192                               (abs)        000000
__CFG_WRT0$OFF                                 (abs)        000000
__CFG_WRT1$OFF                                 (abs)        000000
__CFG_WRTB$OFF                                 (abs)        000000
__CFG_WRTC$OFF                                 (abs)        000000
__CFG_WRTD$OFF                                 (abs)        000000
__CFG_XINST$OFF                                (abs)        000000
__HRAM                                         (abs)        000000
__Habs1                                        abs1         000000
__Hbank0                                       bank0        000000
__Hbank1                                       bank1        000000
__Hbank2                                       bank2        000000
__Hbank3                                       bank3        000000
__Hbank4                                       bank4        000000
__Hbank5                                       bank5        000000
__Hbigbss                                      bigbss       000000
__Hbigdata                                     bigdata      000000
__Hbigram                                      bigram       000000
__Hbss                                         bss          000000
__HbssBANK0                                    bssBANK0     000000
__HbssBANK1                                    bssBANK1     000000
__Hcinit                                       cinit        000000
__Hclrtext                                     clrtext      000000
__Hcomram                                      comram       000000
__Hconfig                                      config       30000E
__Hconst                                       const        000000
__HcstackBANK0                                 cstackBANK0  000000
__Hdata                                        data         000000
__HdataBANK0                                   dataBANK0    000000
__Heeprom_data                                 eeprom_data  000000
__Hfarbss                                      farbss       000000
__Hfardata                                     fardata      000000
__Hibigdata                                    ibigdata     000000
__Hidata                                       idata        000000
__HidataBANK0                                  idataBANK0   000000
__Hidloc                                       idloc        200008
__Hifardata                                    ifardata     000000
__Hinit                                        init         000066
__Hintcode                                     intcode      000062
__Hintcode_body                                intcode_body 000000
__Hintcodelo                                   intcodelo    000062
__Hintentry                                    intentry     000000
__Hintret                                      intret       000000
__Hintsave_regs                                intsave_regs 000000
__Hirdata                                      irdata       000000
__Hmediumconst                                 mediumconst  000000
__HnvBANK0                                     nvBANK0      000000
__HnvFARRAM                                    nvFARRAM     000000
__Hnvbit                                       nvbit        000000
__Hnvrram                                      nvrram       000000
__Hpa_nodes0                                   pa_nodes0    000000
__Hpa_nodes1                                   pa_nodes1    000000
__Hpa_nodes2                                   pa_nodes2    000000
__Hparam                                       param0       000000
__Hparam0                                      param0       000000
__Hpowerup                                     powerup      000062
__Hram                                         ram          000000
__Hramtop                                      ramtop       000600
__Hrbit                                        rbit         000000
__Hrbss                                        rbss         000000
__Hrdata                                       rdata        000000
__Hreset_vec                                   reset_vec    000004
__Hsfr                                         sfr          000000
__Hsmallconst                                  smallconst   000658
__Hspace_0                                     (abs)        30000E
__Hspace_1                                     (abs)        000193
__Hspace_2                                     (abs)        000000
__Hstack                                       stack        000000
__Hstruct                                      struct       000000
__Htemp                                        temp         000002
__Htext                                        text         000000
__Htext0                                       text0        000000
__Htext1                                       text1        000000
__Htext10                                      text10       000000
__Htext11                                      text11       000000
__Htext12                                      text12       000000
__Htext13                                      text13       000000
__Htext14                                      text14       000000
__Htext15                                      text15       000000
__Htext16                                      text16       000000
__Htext17                                      text17       000000
__Htext18                                      text18       000000
__Htext19                                      text19       000000
__Htext2                                       text2        000000
__Htext20                                      text20       000000
__Htext21                                      text21       000000
__Htext22                                      text22       000000
__Htext23                                      text23       000000
__Htext24                                      text24       000000
__Htext25                                      text25       000000
__Htext26                                      text26       000000
__Htext27                                      text27       000000
__Htext28                                      text28       000000
__Htext29                                      text29       000000
__Htext3                                       text3        000000
__Htext30                                      text30       000000
__Htext31                                      text31       000000
__Htext32                                      text32       000000
__Htext33                                      text33       000000
__Htext34                                      text34       000000
__Htext35                                      text35       000000
__Htext36                                      text36       000000
__Htext37                                      text37       000000
__Htext38                                      text38       000000
__Htext39                                      text39       000000
__Htext4                                       text4        000000
__Htext40                                      text40       000000
__Htext41                                      text41       000000
__Htext42                                      text42       000000
__Htext44                                      text44       000000
__Htext45                                      text45       000000
__Htext46                                      text46       000000
__Htext47                                      text47       000000
__Htext48                                      text48       000000
__Htext49                                      text49       000000
__Htext5                                       text5        000000
__Htext50                                      text50       000000
__Htext51                                      text51       000000
__Htext52                                      text52       000000
__Htext53                                      text53       000000
__Htext6                                       text6        000000
__Htext7                                       text7        000000
__Htext8                                       text8        000000
__Htext9                                       text9        000000
__LRAM                                         (abs)        000001
__Labs1                                        abs1         000000
__Lbank0                                       bank0        000000
__Lbank1                                       bank1        000000
__Lbank2                                       bank2        000000
__Lbank3                                       bank3        000000
__Lbank4                                       bank4        000000
__Lbank5                                       bank5        000000
__Lbigbss                                      bigbss       000000
__Lbigdata                                     bigdata      000000
__Lbigram                                      bigram       000000
__Lbss                                         bss          000000
__LbssBANK0                                    bssBANK0     000000
__LbssBANK1                                    bssBANK1     000000
__Lcinit                                       cinit        000000
__Lclrtext                                     clrtext      000000
__Lcomram                                      comram       000000
__Lconfig                                      config       300000
__Lconst                                       const        000000
__LcstackBANK0                                 cstackBANK0  000000
__Ldata                                        data         000000
__LdataBANK0                                   dataBANK0    000000
__Leeprom_data                                 eeprom_data  000000
__Lfarbss                                      farbss       000000
__Lfardata                                     fardata      000000
__Libigdata                                    ibigdata     000000
__Lidata                                       idata        000000
__LidataBANK0                                  idataBANK0   000000
__Lidloc                                       idloc        200000
__Lifardata                                    ifardata     000000
__Linit                                        init         000062
__Lintcode                                     intcode      000008
__Lintcode_body                                intcode_body 000000
__Lintcodelo                                   intcodelo    000062
__Lintentry                                    intentry     000000
__Lintret                                      intret       000000
__Lintsave_regs                                intsave_regs 000000
__Lirdata                                      irdata       000000
__Lmediumconst                                 mediumconst  000000
__LnvBANK0                                     nvBANK0      000000
__LnvFARRAM                                    nvFARRAM     000000
__Lnvbit                                       nvbit        000000
__Lnvrram                                      nvrram       000000
__Lpa_nodes0                                   pa_nodes0    000000
__Lpa_nodes1                                   pa_nodes1    000000
__Lpa_nodes2                                   pa_nodes2    000000
__Lparam                                       param0       000000
__Lparam0                                      param0       000000
__Lpowerup                                     powerup      000062
__Lram                                         ram          000000
__Lramtop                                      ramtop       000600
__Lrbit                                        rbit         000000
__Lrbss                                        rbss         000000
__Lrdata                                       rdata        000000
__Lreset_vec                                   reset_vec    000000
__Lsfr                                         sfr          000000
__Lsmallconst                                  smallconst   000600
__Lspace_0                                     (abs)        000000
__Lspace_1                                     (abs)        000000
__Lspace_2                                     (abs)        000000
__Lstack                                       stack        000000
__Lstruct                                      struct       000000
__Ltemp                                        temp         000001
__Ltext                                        text         000000
__Ltext0                                       text0        000000
__Ltext1                                       text1        000000
__Ltext10                                      text10       000000
__Ltext11                                      text11       000000
__Ltext12                                      text12       000000
__Ltext13                                      text13       000000
__Ltext14                                      text14       000000
__Ltext15                                      text15       000000
__Ltext16                                      text16       000000
__Ltext17                                      text17       000000
__Ltext18                                      text18       000000
__Ltext19                                      text19       000000
__Ltext2                                       text2        000000
__Ltext20                                      text20       000000
__Ltext21                                      text21       000000
__Ltext22                                      text22       000000
__Ltext23                                      text23       000000
__Ltext24                                      text24       000000
__Ltext25                                      text25       000000
__Ltext26                                      text26       000000
__Ltext27                                      text27       000000
__Ltext28                                      text28       000000
__Ltext29                                      text29       000000
__Ltext3                                       text3        000000
__Ltext30                                      text30       000000
__Ltext31                                      text31       000000
__Ltext32                                      text32       000000
__Ltext33                                      text33       000000
__Ltext34                                      text34       000000
__Ltext35                                      text35       000000
__Ltext36                                      text36       000000
__Ltext37                                      text37       000000
__Ltext38                                      text38       000000
__Ltext39                                      text39       000000
__Ltext4                                       text4        000000
__Ltext40                                      text40       000000
__Ltext41                                      text41       000000
__Ltext42                                      text42       000000
__Ltext44                                      text44       000000
__Ltext45                                      text45       000000
__Ltext46                                      text46       000000
__Ltext47                                      text47       000000
__Ltext48                                      text48       000000
__Ltext49                                      text49       000000
__Ltext5                                       text5        000000
__Ltext50                                      text50       000000
__Ltext51                                      text51       000000
__Ltext52                                      text52       000000
__Ltext53                                      text53       000000
__Ltext6                                       text6        000000
__Ltext7                                       text7        000000
__Ltext8                                       text8        000000
__Ltext9                                       text9        000000
__S0                                           (abs)        30000E
__S1                                           (abs)        000193
__S2                                           (abs)        000000
___almod                                       text42       000C00
___almod@counter                               cstackBANK0  0000D1
___almod@dividend                              cstackBANK0  0000C9
___almod@divisor                               cstackBANK0  0000CD
___almod@sign                                  cstackBANK0  0000D2
___inthi_sp                                    stack        000000
___intlo_sp                                    stack        000000
___param_bank                                  (abs)        000000
___rparam_used                                 (abs)        000000
___sp                                          stack        000000
__accesstop                                    (abs)        000060
__activetblptr                                 (abs)        000003
__end_ofPL10                                   text40       000E48
__end_ofPL12                                   text34       0007DC
__end_ofPL14                                   text35       000DC8
__end_ofPL16                                   text10       000BFA
__end_ofPL18                                   text51       0010EA
__end_ofPL2                                    text40       000E2E
__end_ofPL20                                   text39       000A4E
__end_ofPL22                                   text49       0013D6
__end_ofPL24                                   text34       0007E6
__end_ofPL26                                   text34       0007F0
__end_ofPL28                                   text15       00091E
__end_ofPL30                                   text46       000F34
__end_ofPL32                                   text31       000B32
__end_ofPL34                                   text46       000F3E
__end_ofPL36                                   text10       000C00
__end_ofPL38                                   text11       0011AE
__end_ofPL4                                    text39       000A40
__end_ofPL40                                   text15       000924
__end_ofPL42                                   text11       0011B4
__end_ofPL45                                   text24       001008
__end_ofPL47                                   text42       000C9C
__end_ofPL49                                   text26       001328
__end_ofPL6                                    text31       000B28
__end_ofPL8                                    text41       001262
__end_ofSigfoxCommandSelector@F6860            smallconst   00060A
__end_ofSigfoxCommandSelector@F6862            smallconst   000605
__end_ofSigfoxTask@F6885                       smallconst   000608
__end_of_ADC_Initialize                        text9        00154C
__end_of_EUSART2_GPRS_Transmit_ISR             text52       001560
__end_of_EUSART2_Initialize                    text20       001480
__end_of_EUSART2_Receive_ISR                   text51       0010DC
__end_of_EUSART2_Transmit_ISR                  text49       0013C8
__end_of_INTERRUPT_Initialize                  text8        00155E
__end_of_INTERRUPT_InterruptManager            intcode      000062
__end_of_OSCILLATOR_Initialize                 text7        001504
__end_of_PIN_MANAGER_Initialize                text6        001420
__end_of_ProtocolAddFrameData                  text39       000A32
__end_of_ProtocolGetValidity                   text36       0013AC
__end_of_ProtocolSetNextCommTime               text41       001248
__end_of_ProtocolSetNextMeasTime               text40       000E0E
__end_of_ProtocolTask                          text10       000BEA
__end_of_ProtocolTaskBuildFrame                text34       0007CC
__end_of_ProtocolTaskExecute                   text14       001296
__end_of_ProtocolTaskPowerDown                 text13       00152C
__end_of_ProtocolTaskTick                      text46       000F2A
__end_of_SIT_FRAME_POWERUP_SF_DESC             smallconst   000653
__end_of_SIT_FRAME_TRACKER_SF_ID_DESC          smallconst   00064E
__end_of_SYSTEM_Initialize                     text3        0014C0
__end_of_SigfoxCommManager                     text27       001056
__end_of_SigfoxCommandSelector                 text31       000B16
__end_of_SigfoxCommandsDefinitions             smallconst   000646
__end_of_SigfoxReceive                         text50       0014D4
__end_of_SigfoxResponseParser                  text22       001464
__end_of_SigfoxTXReady                         text30       001512
__end_of_SigfoxTask                            text15       000914
__end_of_SigfoxTaskLoadPayloadBuffer           text35       000DB8
__end_of_SigfoxTaskNewTask                     text12       001132
__end_of_SigfoxTaskPowerDown                   text21       0014AC
__end_of_SigfoxTaskReset                       text19       001444
__end_of_SigfoxTaskTick                        text48       0014F6
__end_of_SigfoxTransmit                        text29       001546
__end_of_SigfoxVerifyTransactionStatus         text28       001380
__end_of_TMR0_ISR                              text44       0013FC
__end_of_TMR0_Initialize                       text4        001354
__end_of_TMR0_SetInterruptHandler              text2        001536
__end_of_TMR0_StartTimer                       text5        00155A
__end_of___almod                               text42       000C8A
__end_of__initialization                       cinit        00116A
__end_of_gpsTaskGetVarValidity                 text38       001552
__end_of_main                                  text0        000FA8
__end_of_powerTask                             text16       000D36
__end_of_powerTaskGetVarValidity               text37       001520
__end_of_powerTaskNewTask                      text11       0011A8
__end_of_powerTaskPowerDown                    text18       001496
__end_of_powerTaskReset                        text17       00153E
__end_of_powerTaskTick                         text47       0014E6
__end_of_setLedStatus                          text1        0011EE
__end_of_strcat                                text33       0010A0
__end_of_strchr                                text26       00131E
__end_of_strcpy                                text32       001228
__end_of_strlen                                text25       0012FA
__end_of_strncmp                               text24       000FF0
__end_of_strstr                                text23       000EC4
__end_of_systemMainTimer                       text45       0012CA
__initialization                               cinit        001132
__mediumconst                                  mediumconst  000000
__pbssBANK0                                    bssBANK0     000060
__pbssBANK1                                    bssBANK1     000100
__pcinit                                       cinit        001132
__pcstackBANK0                                 cstackBANK0  0000C4
__pdataBANK0                                   dataBANK0    0000F0
__pidataBANK0                                  idataBANK0   001552
__pintcode                                     intcode      000008
__pnvBANK0                                     nvBANK0      0000EB
__psmallconst                                  smallconst   000600
__ptext0                                       text0        000F3E
__ptext1                                       text1        0011B4
__ptext10                                      text10       000B32
__ptext11                                      text11       001174
__ptext12                                      text12       0010EA
__ptext13                                      text13       001520
__ptext14                                      text14       001262
__ptext15                                      text15       0007F0
__ptext16                                      text16       000C9C
__ptext17                                      text17       001536
__ptext18                                      text18       001480
__ptext19                                      text19       001420
__ptext2                                       text2        00152C
__ptext20                                      text20       001464
__ptext21                                      text21       001496
__ptext22                                      text22       001444
__ptext23                                      text23       000E48
__ptext24                                      text24       000FA8
__ptext25                                      text25       0012CA
__ptext26                                      text26       0012FA
__ptext27                                      text27       001008
__ptext28                                      text28       001354
__ptext29                                      text29       00153E
__ptext3                                       text3        0014AC
__ptext30                                      text30       001504
__ptext31                                      text31       000A4E
__ptext32                                      text32       0011EE
__ptext33                                      text33       001056
__ptext34                                      text34       000658
__ptext35                                      text35       000D36
__ptext36                                      text36       001380
__ptext37                                      text37       001512
__ptext38                                      text38       00154C
__ptext39                                      text39       000924
__ptext4                                       text4        001328
__ptext40                                      text40       000DC8
__ptext41                                      text41       001228
__ptext42                                      text42       000C00
__ptext44                                      text44       0013D6
__ptext45                                      text45       001296
__ptext46                                      text46       000EC4
__ptext47                                      text47       0014D4
__ptext48                                      text48       0014E6
__ptext49                                      text49       0013AC
__ptext5                                       text5        001556
__ptext50                                      text50       0014C0
__ptext51                                      text51       0010A0
__ptext52                                      text52       00155E
__ptext53                                      text53       000000
__ptext6                                       text6        0013FC
__ptext7                                       text7        0014F6
__ptext8                                       text8        00155A
__ptext9                                       text9        001546
__ramtop                                       ramtop       000600
__size_of_ADC_Initialize                       (abs)        000000
__size_of_EUSART2_GPRS_Transmit_ISR            (abs)        000000
__size_of_EUSART2_Initialize                   (abs)        000000
__size_of_EUSART2_Receive_ISR                  (abs)        000000
__size_of_EUSART2_Transmit_ISR                 (abs)        000000
__size_of_INTERRUPT_Initialize                 (abs)        000000
__size_of_INTERRUPT_InterruptManager           (abs)        000000
__size_of_OSCILLATOR_Initialize                (abs)        000000
__size_of_PIN_MANAGER_Initialize               (abs)        000000
__size_of_ProtocolAddFrameData                 (abs)        000000
__size_of_ProtocolGetValidity                  (abs)        000000
__size_of_ProtocolSetNextCommTime              (abs)        000000
__size_of_ProtocolSetNextMeasTime              (abs)        000000
__size_of_ProtocolTask                         (abs)        000000
__size_of_ProtocolTaskBuildFrame               (abs)        000000
__size_of_ProtocolTaskExecute                  (abs)        000000
__size_of_ProtocolTaskPowerDown                (abs)        000000
__size_of_ProtocolTaskTick                     (abs)        000000
__size_of_SYSTEM_Initialize                    (abs)        000000
__size_of_SigfoxCommManager                    (abs)        000000
__size_of_SigfoxCommandSelector                (abs)        000000
__size_of_SigfoxReceive                        (abs)        000000
__size_of_SigfoxResponseParser                 (abs)        000000
__size_of_SigfoxTXReady                        (abs)        000000
__size_of_SigfoxTask                           (abs)        000000
__size_of_SigfoxTaskLoadPayloadBuffer          (abs)        000000
__size_of_SigfoxTaskNewTask                    (abs)        000000
__size_of_SigfoxTaskPowerDown                  (abs)        000000
__size_of_SigfoxTaskReset                      (abs)        000000
__size_of_SigfoxTaskTick                       (abs)        000000
__size_of_SigfoxTransmit                       (abs)        000000
__size_of_SigfoxVerifyTransactionStatus        (abs)        000000
__size_of_TMR0_ISR                             (abs)        000000
__size_of_TMR0_Initialize                      (abs)        000000
__size_of_TMR0_SetInterruptHandler             (abs)        000000
__size_of_TMR0_StartTimer                      (abs)        000000
__size_of___almod                              (abs)        000000
__size_of_gpsTaskGetVarValidity                (abs)        000000
__size_of_main                                 (abs)        000000
__size_of_powerTask                            (abs)        000000
__size_of_powerTaskGetVarValidity              (abs)        000000
__size_of_powerTaskNewTask                     (abs)        000000
__size_of_powerTaskPowerDown                   (abs)        000000
__size_of_powerTaskReset                       (abs)        000000
__size_of_powerTaskTick                        (abs)        000000
__size_of_setLedStatus                         (abs)        000000
__size_of_strcat                               (abs)        000000
__size_of_strchr                               (abs)        000000
__size_of_strcpy                               (abs)        000000
__size_of_strlen                               (abs)        000000
__size_of_strncmp                              (abs)        000000
__size_of_strstr                               (abs)        000000
__size_of_systemMainTimer                      (abs)        000000
__smallconst                                   smallconst   000600
_gprsRxBuffer                                  bssBANK1     000100
_gpsTaskGetVarValidity                         text38       00154C
_lastKnownResult                               dataBANK0    0000F0
_ledTimer                                      bssBANK0     000084
_main                                          text0        000F3E
_powerTask                                     text16       000C9C
_powerTaskGetVarValidity                       text37       001512
_powerTaskNewTask                              text11       001174
_powerTaskPowerDown                            text18       001480
_powerTaskPwrReadyTimer                        bssBANK0     000074
_powerTaskReset                                text17       001536
_powerTaskTick                                 text47       0014D4
_protDataShifter                               bssBANK0     0000B8
_protVarCommunicationTimer                     bssBANK0     000060
_protVarMeasurementTimer                       bssBANK0     000064
_protVarSystemSynchronizedFlag                 bssBANK0     000083
_pwrScheduledCommPowerTaskFlag                 bssBANK0     00007E
_pwrScheduledInitTaskFlag                      bssBANK0     000080
_pwrScheduledMeasPowerTaskFlag                 bssBANK0     00007F
_sessionTO                                     bssBANK0     000076
_setLedStatus                                  text1        0011B4
_statusIndTimer                                bssBANK0     000085
_strcat                                        text33       001056
_strchr                                        text26       0012FA
_strcpy                                        text32       0011EE
_strlen                                        text25       0012CA
_strncmp                                       text24       000FA8
_strstr                                        text23       000E48
_sysVarBattery                                 dataBANK0    0000F3
_sysVarGpsCourse                               bssBANK0     00007A
_sysVarGpsDayTime                              bssBANK0     000068
_sysVarGpsLat                                  bssBANK0     000070
_sysVarGpsLong                                 bssBANK0     00006C
_sysVarGpsOdometer                             bssBANK0     000078
_sysVarGpsSpeed                                bssBANK0     00007C
_sysVarGpsValidFlag                            bssBANK0     000094
_sysVarMainInput                               bssBANK0     000093
_systemMainTimer                               text45       001296
_timer0ReloadVal                               nvBANK0      0000EB
_usartSemaphore                                bssBANK0     000092
btemp                                          temp         000001
end_of_initialization                          cinit        00116A
gpsTaskGetVarValidity@variableID               cstackBANK0  0000C9
int$flags                                      temp         000001
intlevel0                                      text         000000
intlevel1                                      text         000000
intlevel2                                      text         000000
intlevel3                                      text         000000
main@taskResult                                cstackBANK0  0000EA
powerTaskGetVarValidity@variableID             cstackBANK0  0000C9
powerTaskNewTask@command                       cstackBANK0  0000C9
setLedStatus@status                            cstackBANK0  0000C9
stackhi                                        (abs)        0005FF
stacklo                                        (abs)        000193
start                                          init         000062
start_initialization                           cinit        001132
strcat@cp                                      cstackBANK0  0000CD
strcat@from                                    cstackBANK0  0000CB
strcat@to                                      cstackBANK0  0000C9
strchr@chr                                     cstackBANK0  0000CB
strchr@ptr                                     cstackBANK0  0000C9
strcpy@cp                                      cstackBANK0  0000CD
strcpy@from                                    cstackBANK0  0000CB
strcpy@to                                      cstackBANK0  0000C9
strlen@cp                                      cstackBANK0  0000CB
strlen@s                                       cstackBANK0  0000C9
strncmp@len                                    cstackBANK0  0000D1
strncmp@s1                                     cstackBANK0  0000CD
strncmp@s2                                     cstackBANK0  0000CF
strstr@s1                                      cstackBANK0  0000D4
strstr@s2                                      cstackBANK0  0000D6
systemMainTimer@secondMultiplier               cstackBANK0  0000C4


FUNCTION INFORMATION:

 *************** function _main *****************
 Defined at:
		line 69 in file "main.c"
 Parameters:    Size  Location     Type
		None
 Auto vars:     Size  Location     Type
  taskResult      1   38[BANK0 ] enum E6679
 Return value:  Size  Location     Type
                  1    wreg      void 
 Registers used:
		wreg, fsr1l, fsr1h, fsr2l, fsr2h, status,2, status,0, pclath, tosl, tblptrl, tblptrh, tblptru, prodl, prodh, cstack
 Tracked objects:
		On entry : 
		On exit  : 
		Unchanged: 
 Data sizes:     COMRAM   BANK0   BANK1   BANK2   BANK3   BANK4   BANK5
      Params:         0       0       0       0       0       0       0
      Locals:         0       1       0       0       0       0       0
      Temps:          0       0       0       0       0       0       0
      Totals:         0       1       0       0       0       0       0
Total ram usage:        1 bytes
 Hardware stack levels required when called:   11
 This function calls:
		_ProtocolTask
		_ProtocolTaskPowerDown
		_SYSTEM_Initialize
		_TMR0_SetInterruptHandler
		_setLedStatus
 This function is called by:
		Startup code after reset
 This function uses a non-reentrant model


 *************** function _setLedStatus *****************
 Defined at:
		line 44 in file "main.c"
 Parameters:    Size  Location     Type
  status          1    wreg     enum E6679
 Auto vars:     Size  Location     Type
  status          1    5[BANK0 ] enum E6679
 Return value:  Size  Location     Type
                  1    wreg      void 
 Registers used:
		wreg, status,2, status,0
 Tracked objects:
		On entry : 
		On exit  : 
		Unchanged: 
 Data sizes:     COMRAM   BANK0   BANK1   BANK2   BANK3   BANK4   BANK5
      Params:         0       0       0       0       0       0       0
      Locals:         0       1       0       0       0       0       0
      Temps:          0       0       0       0       0       0       0
      Totals:         0       1       0       0       0       0       0
Total ram usage:        1 bytes
 Hardware stack levels used:    1
 Hardware stack levels required when called:    5
 This function calls:
		Nothing
 This function is called by:
		_main
 This function uses a non-reentrant model


 *************** function _TMR0_SetInterruptHandler *****************
 Defined at:
		line 121 in file "mcc_generated_files/tmr0.c"
 Parameters:    Size  Location     Type
  InterruptHan    2    5[BANK0 ] PTR void 
		 -> systemMainTimer(1), 
 Auto vars:     Size  Location     Type
		None
 Return value:  Size  Location     Type
                  1    wreg      void 
 Registers used:
		wreg, status,2, status,0
 Tracked objects:
		On entry : 
		On exit  : 
		Unchanged: 
 Data sizes:     COMRAM   BANK0   BANK1   BANK2   BANK3   BANK4   BANK5
      Params:         0       2       0       0       0       0       0
      Locals:         0       0       0       0       0       0       0
      Temps:          0       0       0       0       0       0       0
      Totals:         0       2       0       0       0       0       0
Total ram usage:        2 bytes
 Hardware stack levels used:    1
 Hardware stack levels required when called:    5
 This function calls:
		Nothing
 This function is called by:
		_main
 This function uses a non-reentrant model


 *************** function _SYSTEM_Initialize *****************
 Defined at:
		line 105 in file "mcc_generated_files/mcc.c"
 Parameters:    Size  Location     Type
		None
 Auto vars:     Size  Location     Type
		None
 Return value:  Size  Location     Type
                  1    wreg      void 
 Registers used:
		wreg, status,2, status,0, cstack
 Tracked objects:
		On entry : 
		On exit  : 
		Unchanged: 
 Data sizes:     COMRAM   BANK0   BANK1   BANK2   BANK3   BANK4   BANK5
      Params:         0       0       0       0       0       0       0
      Locals:         0       0       0       0       0       0       0
      Temps:          0       0       0       0       0       0       0
      Totals:         0       0       0       0       0       0       0
Total ram usage:        0 bytes
 Hardware stack levels used:    1
 Hardware stack levels required when called:    7
 This function calls:
		_ADC_Initialize
		_INTERRUPT_Initialize
		_OSCILLATOR_Initialize
		_PIN_MANAGER_Initialize
		_TMR0_Initialize
 This function is called by:
		_main
 This function uses a non-reentrant model


 *************** function _TMR0_Initialize *****************
 Defined at:
		line 66 in file "mcc_generated_files/tmr0.c"
 Parameters:    Size  Location     Type
		None
 Auto vars:     Size  Location     Type
		None
 Return value:  Size  Location     Type
                  1    wreg      void 
 Registers used:
		wreg, status,2, status,0, cstack
 Tracked objects:
		On entry : 
		On exit  : 
		Unchanged: 
 Data sizes:     COMRAM   BANK0   BANK1   BANK2   BANK3   BANK4   BANK5
      Params:         0       0       0       0       0       0       0
      Locals:         0       0       0       0       0       0       0
      Temps:          0       2       0       0       0       0       0
      Totals:         0       2       0       0       0       0       0
Total ram usage:        2 bytes
 Hardware stack levels used:    1
 Hardware stack levels required when called:    6
 This function calls:
		_TMR0_StartTimer
 This function is called by:
		_SYSTEM_Initialize
 This function uses a non-reentrant model


 *************** function _TMR0_StartTimer *****************
 Defined at:
		line 95 in file "mcc_generated_files/tmr0.c"
 Parameters:    Size  Location     Type
		None
 Auto vars:     Size  Location     Type
		None
 Return value:  Size  Location     Type
                  1    wreg      void 
 Registers used:
		None
 Tracked objects:
		On entry : 
		On exit  : 
		Unchanged: 
 Data sizes:     COMRAM   BANK0   BANK1   BANK2   BANK3   BANK4   BANK5
      Params:         0       0       0       0       0       0       0
      Locals:         0       0       0       0       0       0       0
      Temps:          0       0       0       0       0       0       0
      Totals:         0       0       0       0       0       0       0
Total ram usage:        0 bytes
 Hardware stack levels used:    1
 Hardware stack levels required when called:    5
 This function calls:
		Nothing
 This function is called by:
		_TMR0_Initialize
 This function uses a non-reentrant model


 *************** function _PIN_MANAGER_Initialize *****************
 Defined at:
		line 51 in file "mcc_generated_files/pin_manager.c"
 Parameters:    Size  Location     Type
		None
 Auto vars:     Size  Location     Type
		None
 Return value:  Size  Location     Type
                  1    wreg      void 
 Registers used:
		wreg, status,2
 Tracked objects:
		On entry : 
		On exit  : 
		Unchanged: 
 Data sizes:     COMRAM   BANK0   BANK1   BANK2   BANK3   BANK4   BANK5
      Params:         0       0       0       0       0       0       0
      Locals:         0       0       0       0       0       0       0
      Temps:          0       0       0       0       0       0       0
      Totals:         0       0       0       0       0       0       0
Total ram usage:        0 bytes
 Hardware stack levels used:    1
 Hardware stack levels required when called:    5
 This function calls:
		Nothing
 This function is called by:
		_SYSTEM_Initialize
 This function uses a non-reentrant model


 *************** function _OSCILLATOR_Initialize *****************
 Defined at:
		line 117 in file "mcc_generated_files/mcc.c"
 Parameters:    Size  Location     Type
		None
 Auto vars:     Size  Location     Type
		None
 Return value:  Size  Location     Type
                  1    wreg      void 
 Registers used:
		wreg, status,2
 Tracked objects:
		On entry : 
		On exit  : 
		Unchanged: 
 Data sizes:     COMRAM   BANK0   BANK1   BANK2   BANK3   BANK4   BANK5
      Params:         0       0       0       0       0       0       0
      Locals:         0       0       0       0       0       0       0
      Temps:          0       0       0       0       0       0       0
      Totals:         0       0       0       0       0       0       0
Total ram usage:        0 bytes
 Hardware stack levels used:    1
 Hardware stack levels required when called:    5
 This function calls:
		Nothing
 This function is called by:
		_SYSTEM_Initialize
 This function uses a non-reentrant model


 *************** function _INTERRUPT_Initialize *****************
 Defined at:
		line 56 in file "mcc_generated_files/interrupt_manager.c"
 Parameters:    Size  Location     Type
		None
 Auto vars:     Size  Location     Type
		None
 Return value:  Size  Location     Type
                  1    wreg      void 
 Registers used:
		None
 Tracked objects:
		On entry : 
		On exit  : 
		Unchanged: 
 Data sizes:     COMRAM   BANK0   BANK1   BANK2   BANK3   BANK4   BANK5
      Params:         0       0       0       0       0       0       0
      Locals:         0       0       0       0       0       0       0
      Temps:          0       0       0       0       0       0       0
      Totals:         0       0       0       0       0       0       0
Total ram usage:        0 bytes
 Hardware stack levels used:    1
 Hardware stack levels required when called:    5
 This function calls:
		Nothing
 This function is called by:
		_SYSTEM_Initialize
 This function uses a non-reentrant model


 *************** function _ADC_Initialize *****************
 Defined at:
		line 59 in file "mcc_generated_files/adc.c"
 Parameters:    Size  Location     Type
		None
 Auto vars:     Size  Location     Type
		None
 Return value:  Size  Location     Type
                  1    wreg      void 
 Registers used:
		None
 Tracked objects:
		On entry : 
		On exit  : 
		Unchanged: 
 Data sizes:     COMRAM   BANK0   BANK1   BANK2   BANK3   BANK4   BANK5
      Params:         0       0       0       0       0       0       0
      Locals:         0       0       0       0       0       0       0
      Temps:          0       0       0       0       0       0       0
      Totals:         0       0       0       0       0       0       0
Total ram usage:        0 bytes
 Hardware stack levels used:    1
 Hardware stack levels required when called:    5
 This function calls:
		Nothing
 This function is called by:
		_SYSTEM_Initialize
 This function uses a non-reentrant model


 *************** function _ProtocolTask *****************
 Defined at:
		line 253 in file "sfxProtocoll.c"
 Parameters:    Size  Location     Type
		None
 Auto vars:     Size  Location     Type
		None
 Return value:  Size  Location     Type
                  1    wreg      enum E6679
 Registers used:
		wreg, fsr1l, fsr1h, fsr2l, fsr2h, status,2, status,0, pclath, tosl, tblptrl, tblptrh, tblptru, prodl, prodh, cstack
 Tracked objects:
		On entry : 
		On exit  : 
		Unchanged: 
 Data sizes:     COMRAM   BANK0   BANK1   BANK2   BANK3   BANK4   BANK5
      Params:         0       0       0       0       0       0       0
      Locals:         0       0       0       0       0       0       0
      Temps:          0       0       0       0       0       0       0
      Totals:         0       0       0       0       0       0       0
Total ram usage:        0 bytes
 Hardware stack levels used:    1
 Hardware stack levels required when called:   10
 This function calls:
		_ProtocolSetNextCommTime
		_ProtocolSetNextMeasTime
		_ProtocolTaskBuildFrame
		_ProtocolTaskExecute
		_ProtocolTaskPowerDown
		_SigfoxTaskNewTask
		_powerTaskNewTask
 This function is called by:
		_main
 This function uses a non-reentrant model


 *************** function _powerTaskNewTask *****************
 Defined at:
		line 104 in file "powerTask.c"
 Parameters:    Size  Location     Type
  command         1    wreg     enum E6686
 Auto vars:     Size  Location     Type
  command         1    5[BANK0 ] enum E6686
 Return value:  Size  Location     Type
                  1    wreg      void 
 Registers used:
		wreg, status,2, status,0, cstack
 Tracked objects:
		On entry : 
		On exit  : 
		Unchanged: 
 Data sizes:     COMRAM   BANK0   BANK1   BANK2   BANK3   BANK4   BANK5
      Params:         0       0       0       0       0       0       0
      Locals:         0       1       0       0       0       0       0
      Temps:          0       0       0       0       0       0       0
      Totals:         0       1       0       0       0       0       0
Total ram usage:        1 bytes
 Hardware stack levels used:    1
 Hardware stack levels required when called:    6
 This function calls:
		_powerTaskPowerDown
 This function is called by:
		_ProtocolTask
 This function uses a non-reentrant model


 *************** function _SigfoxTaskNewTask *****************
 Defined at:
		line 431 in file "mcc_generated_files/eusart2.c"
 Parameters:    Size  Location     Type
  command         1    wreg     enum E6708
 Auto vars:     Size  Location     Type
  command         1    5[BANK0 ] enum E6708
 Return value:  Size  Location     Type
                  1    wreg      void 
 Registers used:
		wreg, status,2, status,0
 Tracked objects:
		On entry : 
		On exit  : 
		Unchanged: 
 Data sizes:     COMRAM   BANK0   BANK1   BANK2   BANK3   BANK4   BANK5
      Params:         0       0       0       0       0       0       0
      Locals:         0       1       0       0       0       0       0
      Temps:          0       0       0       0       0       0       0
      Totals:         0       1       0       0       0       0       0
Total ram usage:        1 bytes
 Hardware stack levels used:    1
 Hardware stack levels required when called:    5
 This function calls:
		Nothing
 This function is called by:
		_ProtocolTask
 This function uses a non-reentrant model


 *************** function _ProtocolTaskPowerDown *****************
 Defined at:
		line 243 in file "sfxProtocoll.c"
 Parameters:    Size  Location     Type
		None
 Auto vars:     Size  Location     Type
		None
 Return value:  Size  Location     Type
                  1    wreg      void 
 Registers used:
		cstack
 Tracked objects:
		On entry : 
		On exit  : 
		Unchanged: 
 Data sizes:     COMRAM   BANK0   BANK1   BANK2   BANK3   BANK4   BANK5
      Params:         0       0       0       0       0       0       0
      Locals:         0       0       0       0       0       0       0
      Temps:          0       0       0       0       0       0       0
      Totals:         0       0       0       0       0       0       0
Total ram usage:        0 bytes
 Hardware stack levels used:    1
 Hardware stack levels required when called:    6
 This function calls:
		_SigfoxTaskPowerDown
		_powerTaskPowerDown
 This function is called by:
		_main
		_ProtocolTask
 This function uses a non-reentrant model


 *************** function _ProtocolTaskExecute *****************
 Defined at:
		line 230 in file "sfxProtocoll.c"
 Parameters:    Size  Location     Type
  taskPointer     2   28[BANK0 ] PTR FTN()enum E6679
		 -> powerTask(1), SigfoxTask(1), 
  taskTimeOut     2   30[BANK0 ] unsigned int 
 Auto vars:     Size  Location     Type
  timeOut         2   32[BANK0 ] unsigned int 
  taskResult      1   34[BANK0 ] enum E6679
 Return value:  Size  Location     Type
                  1    wreg      enum E6679
 Registers used:
[...]
		wreg, fsr1l, fsr1h, fsr2l, fsr2h, status,2, status,0, prodl, prodh
 Tracked objects:
		On entry : 
		On exit  : 
		Unchanged: 
 Data sizes:     COMRAM   BANK0   BANK1   BANK2   BANK3   BANK4   BANK5
      Params:         0       5       0       0       0       0       0
      Locals:         0       7       0       0       0       0       0
      Temps:          0       9       0       0       0       0       0
      Totals:         0      21       0       0       0       0       0
Total ram usage:       21 bytes
 Hardware stack levels used:    1
 Hardware stack levels required when called:    5
 This function calls:
		Nothing
 This function is called by:
		_ProtocolTaskBuildFrame
 This function uses a non-reentrant model


 *************** function _ProtocolSetNextMeasTime *****************
 Defined at:
		line 17 in file "sfxProtocoll.c"
 Parameters:    Size  Location     Type
		None
 Auto vars:     Size  Location     Type
		None
 Return value:  Size  Location     Type
                  1    wreg      unsigned char 
 Registers used:
		wreg, status,2, status,0, cstack
 Tracked objects:
		On entry : 
		On exit  : 
		Unchanged: 
 Data sizes:     COMRAM   BANK0   BANK1   BANK2   BANK3   BANK4   BANK5
      Params:         0       0       0       0       0       0       0
      Locals:         0       0       0       0       0       0       0
      Temps:          0       0       0       0       0       0       0
      Totals:         0       0       0       0       0       0       0
Total ram usage:        0 bytes
 Hardware stack levels used:    1
 Hardware stack levels required when called:    6
 This function calls:
		___almod
 This function is called by:
		_ProtocolTask
 This function uses a non-reentrant model


 *************** function _ProtocolSetNextCommTime *****************
 Defined at:
		line 38 in file "sfxProtocoll.c"
 Parameters:    Size  Location     Type
		None
 Auto vars:     Size  Location     Type
		None
 Return value:  Size  Location     Type
                  1    wreg      unsigned char 
 Registers used:
		wreg, status,2, status,0, cstack
 Tracked objects:
		On entry : 
		On exit  : 
		Unchanged: 
 Data sizes:     COMRAM   BANK0   BANK1   BANK2   BANK3   BANK4   BANK5
      Params:         0       0       0       0       0       0       0
      Locals:         0       0       0       0       0       0       0
      Temps:          0       0       0       0       0       0       0
      Totals:         0       0       0       0       0       0       0
Total ram usage:        0 bytes
 Hardware stack levels used:    1
 Hardware stack levels required when called:    6
 This function calls:
		___almod
 This function is called by:
		_ProtocolTask
 This function uses a non-reentrant model


 *************** function ___almod *****************
 Defined at:
		line 8 in file "/opt/microchip/xc8/v1.42/sources/common/almod.c"
 Parameters:    Size  Location     Type
  dividend        4    5[BANK0 ] long 
  divisor         4    9[BANK0 ] long 
 Auto vars:     Size  Location     Type
  sign            1   14[BANK0 ] unsigned char 
  counter         1   13[BANK0 ] unsigned char 
 Return value:  Size  Location     Type
                  4    5[BANK0 ] long 
 Registers used:
		wreg, status,2, status,0
 Tracked objects:
		On entry : 
		On exit  : 
		Unchanged: 
 Data sizes:     COMRAM   BANK0   BANK1   BANK2   BANK3   BANK4   BANK5
      Params:         0       8       0       0       0       0       0
      Locals:         0       2       0       0       0       0       0
      Temps:          0       0       0       0       0       0       0
      Totals:         0      10       0       0       0       0       0
Total ram usage:       10 bytes
 Hardware stack levels used:    1
 Hardware stack levels required when called:    5
 This function calls:
		Nothing
 This function is called by:
		_ProtocolSetNextMeasTime
		_ProtocolSetNextCommTime
 This function uses a non-reentrant model


 *************** function _INTERRUPT_InterruptManager *****************
 Defined at:
		line 64 in file "mcc_generated_files/interrupt_manager.c"
 Parameters:    Size  Location     Type
		None
 Auto vars:     Size  Location     Type
		None
 Return value:  Size  Location     Type
                  1    wreg      void 
 Registers used:
		wreg, fsr2l, fsr2h, status,2, status,0, pclath, tosl, cstack
 Tracked objects:
		On entry : 
		On exit  : 
		Unchanged: 
 Data sizes:     COMRAM   BANK0   BANK1   BANK2   BANK3   BANK4   BANK5
      Params:         0       0       0       0       0       0       0
      Locals:         0       0       0       0       0       0       0
      Temps:          0       4       0       0       0       0       0
      Totals:         0       4       0       0       0       0       0
Total ram usage:        4 bytes
 Hardware stack levels used:    1
 Hardware stack levels required when called:    4
 This function calls:
		_EUSART2_GPRS_Transmit_ISR
		_EUSART2_Receive_ISR
		_EUSART2_Transmit_ISR
		_TMR0_ISR
 This function is called by:
		Interrupt level 2
 This function uses a non-reentrant model


 *************** function _TMR0_ISR *****************
 Defined at:
		line 101 in file "mcc_generated_files/tmr0.c"
 Parameters:    Size  Location     Type
		None
 Auto vars:     Size  Location     Type
		None
 Return value:  Size  Location     Type
                  1    wreg      void 
 Registers used:
		wreg, status,2, status,0, pclath, tosl, cstack
 Tracked objects:
		On entry : 
		On exit  : 
		Unchanged: 
 Data sizes:     COMRAM   BANK0   BANK1   BANK2   BANK3   BANK4   BANK5
      Params:         0       0       0       0       0       0       0
      Locals:         0       0       0       0       0       0       0
      Temps:          0       0       0       0       0       0       0
      Totals:         0       0       0       0       0       0       0
Total ram usage:        0 bytes
 Hardware stack levels used:    1
 Hardware stack levels required when called:    3
 This function calls:
		Absolute function
		_systemMainTimer
 This function is called by:
		_INTERRUPT_InterruptManager
 This function uses a non-reentrant model


 *************** function _systemMainTimer *****************
 Defined at:
		line 22 in file "main.c"
 Parameters:    Size  Location     Type
		None
 Auto vars:     Size  Location     Type
  secondMultip    1    0[BANK0 ] unsigned char 
 Return value:  Size  Location     Type
                  1    wreg      void 
 Registers used:
		wreg, status,2, status,0, cstack
 Tracked objects:
		On entry : 
		On exit  : 
		Unchanged: 
 Data sizes:     COMRAM   BANK0   BANK1   BANK2   BANK3   BANK4   BANK5
      Params:         0       0       0       0       0       0       0
      Locals:         0       1       0       0       0       0       0
      Temps:          0       0       0       0       0       0       0
      Totals:         0       1       0       0       0       0       0
Total ram usage:        1 bytes
 Hardware stack levels used:    1
 Hardware stack levels required when called:    2
 This function calls:
		_ProtocolTaskTick
 This function is called by:
		_main
		_TMR0_ISR
 This function uses a non-reentrant model


 *************** function _ProtocolTaskTick *****************
 Defined at:
		line 186 in file "sfxProtocoll.c"
 Parameters:    Size  Location     Type
		None
 Auto vars:     Size  Location     Type
		None
 Return value:  Size  Location     Type
                  1    wreg      void 
 Registers used:
		wreg, status,2, status,0, cstack
 Tracked objects:
		On entry : 
		On exit  : 
		Unchanged: 
 Data sizes:     COMRAM   BANK0   BANK1   BANK2   BANK3   BANK4   BANK5
      Params:         0       0       0       0       0       0       0
      Locals:         0       0       0       0       0       0       0
      Temps:          0       0       0       0       0       0       0
      Totals:         0       0       0       0       0       0       0
Total ram usage:        0 bytes
 Hardware stack levels used:    1
 Hardware stack levels required when called:    1
 This function calls:
		_SigfoxTaskTick
		_powerTaskTick
 This function is called by:
		_systemMainTimer
 This function uses a non-reentrant model


 *************** function _powerTaskTick *****************
 Defined at:
		line 38 in file "powerTask.c"
 Parameters:    Size  Location     Type
		None
 Auto vars:     Size  Location     Type
		None
 Return value:  Size  Location     Type
                  1    wreg      void 
 Registers used:
		wreg, status,2, status,0
 Tracked objects:
		On entry : 
		On exit  : 
		Unchanged: 
 Data sizes:     COMRAM   BANK0   BANK1   BANK2   BANK3   BANK4   BANK5
      Params:         0       0       0       0       0       0       0
      Locals:         0       0       0       0       0       0       0
      Temps:          0       0       0       0       0       0       0
      Totals:         0       0       0       0       0       0       0
Total ram usage:        0 bytes
 Hardware stack levels used:    1
 This function calls:
		Nothing
 This function is called by:
		_ProtocolTaskTick
 This function uses a non-reentrant model


 *************** function _SigfoxTaskTick *****************
 Defined at:
		line 282 in file "mcc_generated_files/eusart2.c"
 Parameters:    Size  Location     Type
		None
 Auto vars:     Size  Location     Type
		None
 Return value:  Size  Location     Type
                  1    wreg      void 
 Registers used:
		wreg, status,2, status,0
 Tracked objects:
		On entry : 
		On exit  : 
		Unchanged: 
 Data sizes:     COMRAM   BANK0   BANK1   BANK2   BANK3   BANK4   BANK5
      Params:         0       0       0       0       0       0       0
      Locals:         0       0       0       0       0       0       0
      Temps:          0       0       0       0       0       0       0
      Totals:         0       0       0       0       0       0       0
Total ram usage:        0 bytes
 Hardware stack levels used:    1
 This function calls:
		Nothing
 This function is called by:
		_ProtocolTaskTick
 This function uses a non-reentrant model


 *************** function _EUSART2_Transmit_ISR *****************
 Defined at:
		line 98 in file "mcc_generated_files/eusart2.c"
 Parameters:    Size  Location     Type
		None
 Auto vars:     Size  Location     Type
		None
 Return value:  Size  Location     Type
                  1    wreg      void 
 Registers used:
		wreg, fsr2l, fsr2h, status,2, status,0, cstack
 Tracked objects:
		On entry : 
		On exit  : 
		Unchanged: 
 Data sizes:     COMRAM   BANK0   BANK1   BANK2   BANK3   BANK4   BANK5
      Params:         0       0       0       0       0       0       0
      Locals:         0       0       0       0       0       0       0
      Temps:          0       0       0       0       0       0       0
      Totals:         0       0       0       0       0       0       0
Total ram usage:        0 bytes
 Hardware stack levels used:    1
 Hardware stack levels required when called:    1
 This function calls:
		_SigfoxReceive
 This function is called by:
		_INTERRUPT_InterruptManager
 This function uses a non-reentrant model


 *************** function _SigfoxReceive *****************
 Defined at:
		line 61 in file "mcc_generated_files/eusart2.c"
 Parameters:    Size  Location     Type
		None
 Auto vars:     Size  Location     Type
		None
 Return value:  Size  Location     Type
                  1    wreg      void 
 Registers used:
		None
 Tracked objects:
		On entry : 
		On exit  : 
		Unchanged: 
 Data sizes:     COMRAM   BANK0   BANK1   BANK2   BANK3   BANK4   BANK5
      Params:         0       0       0       0       0       0       0
      Locals:         0       0       0       0       0       0       0
      Temps:          0       0       0       0       0       0       0
      Totals:         0       0       0       0       0       0       0
Total ram usage:        0 bytes
 Hardware stack levels used:    1
 This function calls:
		Nothing
 This function is called by:
		_EUSART2_Transmit_ISR
 This function uses a non-reentrant model


 *************** function _EUSART2_Receive_ISR *****************
 Defined at:
		line 120 in file "mcc_generated_files/eusart2.c"
 Parameters:    Size  Location     Type
		None
 Auto vars:     Size  Location     Type
  auxVar          1    0[BANK0 ] unsigned char 
 Return value:  Size  Location     Type
                  1    wreg      void 
 Registers used:
		wreg, fsr2l, fsr2h, status,2, status,0
 Tracked objects:
		On entry : 
		On exit  : 
		Unchanged: 
 Data sizes:     COMRAM   BANK0   BANK1   BANK2   BANK3   BANK4   BANK5
      Params:         0       0       0       0       0       0       0
      Locals:         0       1       0       0       0       0       0
      Temps:          0       0       0       0       0       0       0
      Totals:         0       1       0       0       0       0       0
Total ram usage:        1 bytes
 Hardware stack levels used:    1
 This function calls:
		Nothing
 This function is called by:
		_INTERRUPT_InterruptManager
 This function uses a non-reentrant model


 *************** function _EUSART2_GPRS_Transmit_ISR *****************
 Defined at:
		line 71 in file "gprs.c"
 Parameters:    Size  Location     Type
		None
 Auto vars:     Size  Location     Type
		None
 Return value:  Size  Location     Type
                  1    wreg      void 
 Registers used:
		None
 Tracked objects:
		On entry : 
		On exit  : 
		Unchanged: 
 Data sizes:     COMRAM   BANK0   BANK1   BANK2   BANK3   BANK4   BANK5
      Params:         0       0       0       0       0       0       0
      Locals:         0       0       0       0       0       0       0
      Temps:          0       0       0       0       0       0       0
      Totals:         0       0       0       0       0       0       0
Total ram usage:        0 bytes
 Hardware stack levels used:    1
 This function calls:
		Nothing
 This function is called by:
		_INTERRUPT_InterruptManager
 This function uses a non-reentrant model



MODULE INFORMATION

Module		Function		Class		Link	Load	Size
gprs.c
		_EUSART2_GPRS_Transmit_ISR		CODE           	155E	0000	3

gprs.c estimated size: 3

/opt/microchip/xc8/v1.42/sources/common/strlen.c
		_strlen        		CODE           	12CA	0000	49

/opt/microchip/xc8/v1.42/sources/common/strlen.c estimated size: 49

/opt/microchip/xc8/v1.42/sources/common/strchr.c
		_strchr        		CODE           	12FA	0000	37

/opt/microchip/xc8/v1.42/sources/common/strchr.c estimated size: 37

powerTask.c
		_powerTaskGetVarValidity		CODE           	1512	0000	15
		_powerTaskPowerDown		CODE           	1480	0000	23
		_powerTask     		CODE           	0C9C	0000	155
		_powerTaskTick 		CODE           	14D4	0000	19
		_powerTaskNewTask		CODE           	1174	0000	53
		_powerTaskReset		CODE           	1536	0000	9

powerTask.c estimated size: 274

/opt/microchip/xc8/v1.42/sources/common/strcpy.c
		_strcpy        		CODE           	11EE	0000	59

/opt/microchip/xc8/v1.42/sources/common/strcpy.c estimated size: 59

mcc_generated_files/eusart2.c
		_SigfoxTaskPowerDown		CODE           	1496	0000	23
		_SigfoxResponseParser		CODE           	1444	0000	33
		_SigfoxTaskReset		CODE           	1420	0000	37
		_SigfoxCommManager		CODE           	1008	0000	79
		_SigfoxCommandSelector		CODE           	0A4E	0000	201
		_SigfoxReceive 		CODE           	14C0	0000	21
		_EUSART2_Receive_ISR		CODE           	10A0	0000	61
		_SigfoxTask    		CODE           	07F0	0000	293
		_EUSART2_Transmit_ISR		CODE           	13AC	0000	29
		_SigfoxVerifyTransactionStatus		CODE           	1354	0000	45
		_SigfoxTXReady 		CODE           	1504	0000	15
		_SigfoxTaskLoadPayloadBuffer		CODE           	0D36	0000	131
		_EUSART2_Initialize		CODE           	1464	0000	29
		_SigfoxTaskTick		CODE           	14E6	0000	17
		_SigfoxTaskNewTask		CODE           	10EA	0000	73
		_SigfoxTransmit		CODE           	153E	0000	9

mcc_generated_files/eusart2.c estimated size: 1096

sfxProtocoll.c
		_ProtocolSetNextMeasTime		CODE           	0DC8	0000	71
		_ProtocolTaskBuildFrame		CODE           	0658	0000	373
		_ProtocolSetNextCommTime		CODE           	1228	0000	33
		_ProtocolTaskPowerDown		CODE           	1520	0000	13
		_ProtocolGetValidity		CODE           	1380	0000	45
		_ProtocolTask  		CODE           	0B32	0000	185
		_ProtocolTaskTick		CODE           	0EC4	0000	103
		_ProtocolTaskExecute		CODE           	1262	0000	53
		_ProtocolAddFrameData		CODE           	0924	0000	271

sfxProtocoll.c estimated size: 1147

mcc_generated_files/interrupt_manager.c
		_INTERRUPT_Initialize		CODE           	155A	0000	5
		_INTERRUPT_InterruptManager		CODE           	0008	0000	91

mcc_generated_files/interrupt_manager.c estimated size: 96

mcc_generated_files/tmr0.c
		_TMR0_SetInterruptHandler		CODE           	152C	0000	11
		_TMR0_StartTimer		CODE           	1556	0000	5
		_TMR0_ISR      		CODE           	13D6	0000	39
		_TMR0_Initialize		CODE           	1328	0000	45

mcc_generated_files/tmr0.c estimated size: 100

mcc_generated_files/pin_manager.c
		_PIN_MANAGER_Initialize		CODE           	13FC	0000	37

mcc_generated_files/pin_manager.c estimated size: 37

mcc_generated_files/adc.c
		_ADC_Initialize		CODE           	1546	0000	7

mcc_generated_files/adc.c estimated size: 7

/opt/microchip/xc8/v1.42/sources/common/strstr.c
		_strstr        		CODE           	0E48	0000	125

/opt/microchip/xc8/v1.42/sources/common/strstr.c estimated size: 125

shared
		PL12           		CODE           	07CC	0000	17
		PL8            		CODE           	1248	0000	27
		PL22           		CODE           	13C8	0000	15
		PL32           		CODE           	0B28	0000	11
		PL42           		CODE           	11AE	0000	7
		PL14           		CODE           	0DB8	0000	17
		PL24           		CODE           	07DC	0000	11
		PL34           		CODE           	0F34	0000	11
		PL16           		CODE           	0BEA	0000	17
		PL26           		CODE           	07E6	0000	11
		PL45           		CODE           	0FF0	0000	25
		PL36           		CODE           	0BFA	0000	7
		PL18           		CODE           	10DC	0000	15
		PL28           		CODE           	0914	0000	11
		PL47           		CODE           	0C8A	0000	19
		PL38           		CODE           	11A8	0000	7
		PL49           		CODE           	131E	0000	11
		_SigfoxCommandsDefinitions		SMALLCONST     	060A	0000	61
		__initialization		CODE           	1132	0000	57
		SigfoxCommandSelector@F6860		SMALLCONST     	0608	0000	3
		SigfoxCommandSelector@F6862		SMALLCONST     	0601	0000	5
		_SIT_FRAME_TRACKER_SF_ID_DESC		SMALLCONST     	0646	0000	9
		SigfoxTask@F6885		SMALLCONST     	0605	0000	4
		_SIT_FRAME_POWERUP_SF_DESC		SMALLCONST     	064E	0000	6
		PL2            		CODE           	0E0E	0000	33
		PL10           		CODE           	0E2E	0000	27
		PL4            		CODE           	0A32	0000	15
		PL20           		CODE           	0A40	0000	15
		PL30           		CODE           	0F2A	0000	11
		PL6            		CODE           	0B16	0000	19
		PL40           		CODE           	091E	0000	7

shared estimated size: 511

mcc_generated_files/eusart1.c
		_gpsTaskGetVarValidity		CODE           	154C	0000	7

mcc_generated_files/eusart1.c estimated size: 7

/opt/microchip/xc8/v1.42/sources/common/strncmp.c
		_strncmp       		CODE           	0FA8	0000	73

/opt/microchip/xc8/v1.42/sources/common/strncmp.c estimated size: 73

mcc_generated_files/mcc.c
		_OSCILLATOR_Initialize		CODE           	14F6	0000	15
		_SYSTEM_Initialize		CODE           	14AC	0000	21

mcc_generated_files/mcc.c estimated size: 36

/opt/microchip/xc8/v1.42/sources/common/almod.c
		___almod       		CODE           	0C00	0000	139

/opt/microchip/xc8/v1.42/sources/common/almod.c estimated size: 139

/opt/microchip/xc8/v1.42/sources/common/strcat.c
		_strcat        		CODE           	1056	0000	75

/opt/microchip/xc8/v1.42/sources/common/strcat.c estimated size: 75

main.c
		_systemMainTimer		CODE           	1296	0000	53
		_main          		CODE           	0F3E	0000	107
		_setLedStatus  		CODE           	11B4	0000	59

main.c estimated size: 219

